###############################################################################
#
# IAR ELF Linker V8.32.3.193/W32 for ARM                  27/Jun/2019  22:46:15
# Copyright 2007-2019 IAR Systems AB.
#
#    Output file  =  
#        D:\17849\Documents\Project\k60工程\黑曼巴24.1（四电感）\Prj\IAR\DZ10_Debug\Exe\vcan_Kinetis.out
#    Map file     =  
#        D:\17849\Documents\Project\k60工程\黑曼巴24.1（四电感）\Prj\IAR\DZ10_Debug\List\vcan_Kinetis.map
#    Command line =  
#        -f C:\Users\17849\AppData\Local\Temp\EW75FF.tmp
#        (D:\17849\Documents\Project\k60工程\黑曼巴24.1（四电感）\Prj\IAR\DZ10_Debug\Obj\Boma.o
#        D:\17849\Documents\Project\k60工程\黑曼巴24.1（四电感）\Prj\IAR\DZ10_Debug\Obj\Control.o
#        D:\17849\Documents\Project\k60工程\黑曼巴24.1（四电感）\Prj\IAR\DZ10_Debug\Obj\diskio.o
#        D:\17849\Documents\Project\k60工程\黑曼巴24.1（四电感）\Prj\IAR\DZ10_Debug\Obj\ff.o
#        D:\17849\Documents\Project\k60工程\黑曼巴24.1（四电感）\Prj\IAR\DZ10_Debug\Obj\fire_img2sd.o
#        D:\17849\Documents\Project\k60工程\黑曼巴24.1（四电感）\Prj\IAR\DZ10_Debug\Obj\FIRE_OV7725_Eagle.o
#        D:\17849\Documents\Project\k60工程\黑曼巴24.1（四电感）\Prj\IAR\DZ10_Debug\Obj\FIRE_SCCB.o
#        D:\17849\Documents\Project\k60工程\黑曼巴24.1（四电感）\Prj\IAR\DZ10_Debug\Obj\Fun.o
#        D:\17849\Documents\Project\k60工程\黑曼巴24.1（四电感）\Prj\IAR\DZ10_Debug\Obj\Fuzzy.o
#        D:\17849\Documents\Project\k60工程\黑曼巴24.1（四电感）\Prj\IAR\DZ10_Debug\Obj\Init.o
#        D:\17849\Documents\Project\k60工程\黑曼巴24.1（四电感）\Prj\IAR\DZ10_Debug\Obj\main.o
#        D:\17849\Documents\Project\k60工程\黑曼巴24.1（四电感）\Prj\IAR\DZ10_Debug\Obj\misc.o
#        D:\17849\Documents\Project\k60工程\黑曼巴24.1（四电感）\Prj\IAR\DZ10_Debug\Obj\MK60_adc.o
#        D:\17849\Documents\Project\k60工程\黑曼巴24.1（四电感）\Prj\IAR\DZ10_Debug\Obj\MK60_conf.o
#        D:\17849\Documents\Project\k60工程\黑曼巴24.1（四电感）\Prj\IAR\DZ10_Debug\Obj\MK60_dac.o
#        D:\17849\Documents\Project\k60工程\黑曼巴24.1（四电感）\Prj\IAR\DZ10_Debug\Obj\MK60_dma.o
#        D:\17849\Documents\Project\k60工程\黑曼巴24.1（四电感）\Prj\IAR\DZ10_Debug\Obj\MK60_DWT.o
#        D:\17849\Documents\Project\k60工程\黑曼巴24.1（四电感）\Prj\IAR\DZ10_Debug\Obj\MK60_flash.o
#        D:\17849\Documents\Project\k60工程\黑曼巴24.1（四电感）\Prj\IAR\DZ10_Debug\Obj\MK60_ftm.o
#        D:\17849\Documents\Project\k60工程\黑曼巴24.1（四电感）\Prj\IAR\DZ10_Debug\Obj\MK60_gpio.o
#        D:\17849\Documents\Project\k60工程\黑曼巴24.1（四电感）\Prj\IAR\DZ10_Debug\Obj\MK60_i2c.o
#        D:\17849\Documents\Project\k60工程\黑曼巴24.1（四电感）\Prj\IAR\DZ10_Debug\Obj\MK60_lptmr.o
#        D:\17849\Documents\Project\k60工程\黑曼巴24.1（四电感）\Prj\IAR\DZ10_Debug\Obj\MK60_mcg.o
#        D:\17849\Documents\Project\k60工程\黑曼巴24.1（四电感）\Prj\IAR\DZ10_Debug\Obj\MK60_PIT.o
#        D:\17849\Documents\Project\k60工程\黑曼巴24.1（四电感）\Prj\IAR\DZ10_Debug\Obj\MK60_port.o
#        D:\17849\Documents\Project\k60工程\黑曼巴24.1（四电感）\Prj\IAR\DZ10_Debug\Obj\MK60_rtc.o
#        D:\17849\Documents\Project\k60工程\黑曼巴24.1（四电感）\Prj\IAR\DZ10_Debug\Obj\MK60_sdhc.o
#        D:\17849\Documents\Project\k60工程\黑曼巴24.1（四电感）\Prj\IAR\DZ10_Debug\Obj\MK60_spi.o
#        D:\17849\Documents\Project\k60工程\黑曼巴24.1（四电感）\Prj\IAR\DZ10_Debug\Obj\MK60_SysTick.o
#        D:\17849\Documents\Project\k60工程\黑曼巴24.1（四电感）\Prj\IAR\DZ10_Debug\Obj\MK60_uart.o
#        D:\17849\Documents\Project\k60工程\黑曼巴24.1（四电感）\Prj\IAR\DZ10_Debug\Obj\MK60_wdog.o
#        D:\17849\Documents\Project\k60工程\黑曼巴24.1（四电感）\Prj\IAR\DZ10_Debug\Obj\Motor.o
#        D:\17849\Documents\Project\k60工程\黑曼巴24.1（四电感）\Prj\IAR\DZ10_Debug\Obj\OLED.o
#        D:\17849\Documents\Project\k60工程\黑曼巴24.1（四电感）\Prj\IAR\DZ10_Debug\Obj\PID.o
#        D:\17849\Documents\Project\k60工程\黑曼巴24.1（四电感）\Prj\IAR\DZ10_Debug\Obj\sensor.o
#        D:\17849\Documents\Project\k60工程\黑曼巴24.1（四电感）\Prj\IAR\DZ10_Debug\Obj\startup_MK60DZ10.o
#        D:\17849\Documents\Project\k60工程\黑曼巴24.1（四电感）\Prj\IAR\DZ10_Debug\Obj\system_MK60DZ10.o
#        D:\17849\Documents\Project\k60工程\黑曼巴24.1（四电感）\Prj\IAR\DZ10_Debug\Obj\Tool.o
#        D:\17849\Documents\Project\k60工程\黑曼巴24.1（四电感）\Prj\IAR\DZ10_Debug\Obj\VCAN_computer.o
#        D:\17849\Documents\Project\k60工程\黑曼巴24.1（四电感）\Prj\IAR\DZ10_Debug\Obj\VCAN_key.o
#        D:\17849\Documents\Project\k60工程\黑曼巴24.1（四电感）\Prj\IAR\DZ10_Debug\Obj\VCAN_LED.o
#        D:\17849\Documents\Project\k60工程\黑曼巴24.1（四电感）\Prj\IAR\DZ10_Debug\Obj\vectors.o
#        --redirect _Printf=_PrintfLargeNoMb --redirect _Scanf=_ScanfLargeNoMb
#        --no_out_extension -o
#        D:\17849\Documents\Project\k60工程\黑曼巴24.1（四电感）\Prj\IAR\DZ10_Debug\Exe\vcan_Kinetis.out
#        --map
#        D:\17849\Documents\Project\k60工程\黑曼巴24.1（四电感）\Prj\IAR\DZ10_Debug\List\vcan_Kinetis.map
#        --config
#        "D:\17849\Documents\Project\k60工程\Nxp-smartcar-14th\Prj\IAR\config
#        files\vcan_ROM_K60N512.icf"
#        D:\17849\Documents\Project\k60工程\黑曼巴24.1（四电感）\Prj\IAR\..\..\Lib\CMSIS\iar_cortexM4l_math.a
#        --entry __iar_program_start --vfe --text_out locale)
#
###############################################################################

*******************************************************************************
*** RUNTIME MODEL ATTRIBUTES
***

CppFlavor       = *
__SystemLibrary = DLib
__dlib_version  = 6


*******************************************************************************
*** HEAP SELECTION
***

The basic heap was selected because no calls to memory allocation
functions were found in the application outside of system library
functions, and there are calls to deallocation functions in the
application.


*******************************************************************************
*** PLACEMENT SUMMARY
***

"A0":  place at 0x0 { ro section .intvec };
"A1":  place at 0x410 { ro section .noinit };
define block CodeRelocate { section .textrw_init };
"P1":  place in [from 0x0 to 0x8'0000] { ro, block CodeRelocate };
define block CodeRelocateRam { section .textrw };
define block CSTACK with size = 4K, alignment = 8 { };
define block HEAP with size = 2K, alignment = 8 { };
"P2":  place in [from 0x1fff'0410 to 0x2001'0000] {
          rw, block CodeRelocateRam, block CSTACK, block HEAP };
initialize manually with packing = copy, complex ranges { section .data };
initialize manually with packing = copy, complex ranges { section .textrw };

  Section              Kind         Address    Size  Object
  -------              ----         -------    ----  ------
"A0":                                         0x410
  .intvec              const            0x0   0x410  vectors.o [1]
                                    - 0x410   0x410

"A1":                                           0x8
  .noinit              ro code        0x410     0x8  startup_MK60DZ10.o [1]
                                    - 0x418     0x8

"P1":                                        0x63d8
  Veneer               ro code        0x418     0x8  - Linker created -
  Veneer               ro code        0x420     0x8  - Linker created -
  .text                ro code        0x428   0xcdc  sensor.o [1]
  .text                ro code       0x1104   0x2b4  MK60_adc.o [1]
  .text                ro code       0x13b8    0x40  sprintf.o [2]
  .text                ro code       0x13f8   0x3b8  OLED.o [1]
  .text                ro code       0x17b0    0x1c  U32ToFlt.o [3]
  .text                ro code       0x17cc    0x24  FltCmpLe.o [3]
  .text                ro code       0x17f0   0x12c  MK60_PIT.o [1]
  .text                ro code       0x191c    0x22  FltToU32.o [3]
  .text                ro code       0x193e    0x3a  zero_init3.o [4]
  .text                ro code       0x1978    0x24  S32ToFlt.o [3]
  .text                ro code       0x199c   0x138  MK60_gpio.o [1]
  .text                ro code       0x1ad4    0x2a  FltToS32.o [3]
  .text                ro code       0x1afe     0xa  xsprout.o [2]
  .text                ro code       0x1b08    0xe2  FltAdd.o [3]
  .text                ro code       0x1bec    0xfc  FltDiv.o [3]
  .text                ro code       0x1ce8    0x80  FltSub.o [3]
  .text                ro code       0x1d68    0x24  FltCmpGe.o [3]
  .text                ro code       0x1d8c    0x48  FltToDbl.o [3]
  .text                ro code       0x1dd4   0x1a2  DblMul.o [3]
  .text                ro code       0x1f78    0x68  DblToFlt.o [3]
  .text                ro code       0x1fe0    0x22  S32ToDbl.o [3]
  .text                ro code       0x2004   0x246  DblDiv.o [3]
  .text                ro code       0x224c   0x62c  MK60_ftm.o [1]
  .text                ro code       0x2878    0xd8  FltMul.o [3]
  .text                ro code       0x2950     0x8  abs.o [2]
  Veneer               ro code       0x2958     0x8  - Linker created -
  .text                ro code       0x2960   0x140  MK60_conf.o [1]
  .text                ro code       0x2aa0    0xa4  MK60_port.o [1]
  .text                ro code       0x2b44   0xc16  xprintflarge_nomb.o [2]
  .text                ro code       0x375c    0x80  VCAN_LED.o [1]
  .text                ro code       0x37dc    0x28  printf.o [2]
  .text                ro code       0x3804    0x60  MK60_SysTick.o [1]
  .text                ro code       0x3864   0x228  MK60_uart.o [1]
  .text                ro code       0x3a8c    0xa4  VCAN_key.o [1]
  .text                ro code       0x3b30    0x16  strchr.o [4]
  .text                ro code       0x3b48    0x40  xfail_s.o [2]
  .text                ro code       0x3b88    0x36  strlen.o [4]
  .text                ro code       0x3bc0    0x58  memchr.o [4]
  .text                ro code       0x3c18   0x230  I64DivMod.o [4]
  .text                ro code       0x3e48    0xa6  ABImemcpy.o [4]
  .text                ro code       0x3ef0    0x70  frexp.o [3]
  .text                ro code       0x3f60    0x28  DblToU32.o [3]
  .text                ro code       0x3f88    0x1a  U32ToDbl.o [3]
  .text                ro code       0x3fa4    0xe2  DblSub.o [3]
  .text                ro code       0x4088     0x8  xlocale_c.o [2]
  .text                ro code       0x4090     0x6  abort.o [2]
  .text                ro code       0x4098     0x2  I64DivZer.o [4]
  .text                ro code       0x409c   0x16a  DblAdd.o [3]
  .text                ro code       0x4208     0xc  XXexit.o [4]
  .data_init                         0x4214   0x834  <Block>
    Initializer bytes  const         0x4214   0x834  <for .data-1>
  .text                ro code       0x4a48   0x638  main.o [1]
  .text                ro code       0x5080   0x1b0  Init.o [1]
  .text                ro code       0x5230    0xec  Boma.o [1]
  .text                ro code       0x531c   0x10c  Motor.o [1]
  .text                ro code       0x5428    0x50  misc.o [1]
  .rodata              const         0x5478   0x5f0  OLED.o [1]
  Veneer               ro code       0x5a68     0x8  - Linker created -
  .text                ro code       0x5a70   0x3a8  MK60_mcg.o [1]
  .text                ro code       0x5e18   0x1d8  Control.o [1]
  .text                ro code       0x5ff0    0x98  PID.o [1]
  CodeRelocate                       0x6088   0x1ac  <Block>
    Initializer bytes  const         0x6088   0x1ac  <for CodeRelocateRam-1>
  .text                ro code       0x6234   0x118  system_MK60DZ10.o [1]
  .text                ro code       0x634c    0x40  MK60_wdog.o [1]
  .rodata              const         0x638c    0x5c  MK60_SysTick.o [1]
  .rodata              const         0x63e8    0x58  MK60_adc.o [1]
  .rodata              const         0x6440    0x58  MK60_flash.o [1]
  .rodata              const         0x6498    0x58  MK60_ftm.o [1]
  .rodata              const         0x64f0    0x58  MK60_gpio.o [1]
  .rodata              const         0x6548    0x58  MK60_PIT.o [1]
  .rodata              const         0x65a0    0x58  MK60_uart.o [1]
  .rodata              const         0x65f8    0x54  misc.o [1]
  .rodata              const         0x664c    0x3c  MK60_conf.o [1]
  .text                ro code       0x6688    0x28  data_init.o [4]
  .rodata              const         0x66b0    0x24  MK60_conf.o [1]
  .iar.init_table      const         0x66d4    0x10  - Linker created -
  .rodata              const         0x66e4    0x20  MK60_conf.o [1]
  .text                ro code       0x6704    0x1e  cmain.o [4]
  .text                ro code       0x6722     0x4  low_level_init.o [2]
  .text                ro code       0x6726     0x4  exit.o [2]
  .text                ro code       0x672c     0xa  cexit.o [4]
  .text                ro code       0x6736    0x16  xprout.o [2]
  .text                ro code       0x674c     0xc  putchar.o [2]
  .rodata              const         0x6758    0x14  Control.o [1]
  .rodata              const         0x676c    0x14  main.o [1]
  .rodata              const         0x6780    0x14  MK60_conf.o [1]
  .rodata              const         0x6794    0x10  main.o [1]
  .rodata              const         0x67a4    0x10  main.o [1]
  .rodata              const         0x67b4     0xc  main.o [1]
  .rodata              const         0x67c0     0xc  sensor.o [1]
  .rodata              const         0x67cc     0xc  sensor.o [1]
  .text                ro code       0x67d8     0xc  cstartup_M.o [4]
  .rodata              const         0x67e4     0x8  sensor.o [1]
  .rodata              const         0x67ec     0x4  xlocale_c.o [2]
  .rodata              const         0x67f0     0x0  zero_init3.o [4]
                                   - 0x67f0  0x63d8

"P2", part 1 of 2:                            0x9e0
  .data                         0x1fff'0410   0x834  <Block>
    .data-1                     0x1fff'0410   0x834  <Init block>
      .data            inited   0x1fff'0410     0x8  MK60_adc.o [1]
      .data            inited   0x1fff'0418   0x708  MK60_conf.o [1]
      .data            inited   0x1fff'0b20    0x10  MK60_ftm.o [1]
      .data            inited   0x1fff'0b30    0x14  MK60_gpio.o [1]
      .data            inited   0x1fff'0b44    0x44  MK60_mcg.o [1]
      .data            inited   0x1fff'0b88     0x4  MK60_mcg.o [1]
      .data            inited   0x1fff'0b8c    0x14  MK60_port.o [1]
      .data            inited   0x1fff'0ba0    0x18  MK60_uart.o [1]
      .data            inited   0x1fff'0bb8     0x8  VCAN_key.o [1]
      .data            inited   0x1fff'0bc0     0x4  VCAN_LED.o [1]
      .data            inited   0x1fff'0bc4    0x38  xlocale_c.o [2]
      .data            inited   0x1fff'0bfc    0x48  xfiles.o [2]
  CodeRelocateRam               0x1fff'0c44   0x1ac  <Block>
    CodeRelocateRam-1           0x1fff'0c44   0x1ac  <Init block>
      Veneer           inited   0x1fff'0c44     0x8  - Linker created -
      .textrw          inited   0x1fff'0c4c   0x15c  MK60_flash.o [1]
      .textrw          inited   0x1fff'0da8    0x48  MK60_mcg.o [1]
                              - 0x1fff'0df0   0x9e0

"P2", part 2 of 2:                            0x260
  .bss                          0x1fff'0df0   0x260  <Block>
    .bss               zero     0x1fff'0df0     0x4  Boma.o [1]
    .bss               zero     0x1fff'0df4     0x4  Boma.o [1]
    .bss               zero     0x1fff'0df8     0x4  Boma.o [1]
    .bss               zero     0x1fff'0dfc     0x4  Boma.o [1]
    .bss               zero     0x1fff'0e00     0x4  Boma.o [1]
    .bss               zero     0x1fff'0e04     0x4  Control.o [1]
    .bss               zero     0x1fff'0e08     0x4  Control.o [1]
    .bss               zero     0x1fff'0e0c     0x4  Control.o [1]
    .bss               zero     0x1fff'0e10     0x4  Control.o [1]
    .bss               zero     0x1fff'0e14     0x4  Control.o [1]
    .bss               zero     0x1fff'0e18     0x4  Control.o [1]
    .bss               zero     0x1fff'0e1c     0x4  Control.o [1]
    .bss               zero     0x1fff'0e20     0x4  Control.o [1]
    .bss               zero     0x1fff'0e24     0x4  Control.o [1]
    .bss               zero     0x1fff'0e28     0x4  Control.o [1]
    .bss               zero     0x1fff'0e2c     0x4  main.o [1]
    .bss               zero     0x1fff'0e30     0x4  main.o [1]
    .bss               zero     0x1fff'0e34     0x4  main.o [1]
    .bss               zero     0x1fff'0e38     0x4  main.o [1]
    .bss               zero     0x1fff'0e3c    0x64  sensor.o [1]
    .bss               zero     0x1fff'0ea0    0x14  sensor.o [1]
    .bss               zero     0x1fff'0eb4    0x14  sensor.o [1]
    .bss               zero     0x1fff'0ec8    0x14  sensor.o [1]
    .bss               zero     0x1fff'0edc    0x14  sensor.o [1]
    .bss               zero     0x1fff'0ef0    0x64  sensor.o [1]
    .bss               zero     0x1fff'0f54    0x14  sensor.o [1]
    .bss               zero     0x1fff'0f68    0x14  sensor.o [1]
    .bss               zero     0x1fff'0f7c     0x4  sensor.o [1]
    .bss               zero     0x1fff'0f80     0x4  sensor.o [1]
    .bss               zero     0x1fff'0f84    0x14  sensor.o [1]
    .bss               zero     0x1fff'0f98    0x14  sensor.o [1]
    .bss               zero     0x1fff'0fac    0x14  sensor.o [1]
    .bss               zero     0x1fff'0fc0     0x4  sensor.o [1]
    .bss               zero     0x1fff'0fc4     0x4  sensor.o [1]
    .bss               zero     0x1fff'0fc8     0x4  sensor.o [1]
    .bss               zero     0x1fff'0fcc     0x4  sensor.o [1]
    .bss               zero     0x1fff'0fd0     0x4  sensor.o [1]
    .bss               zero     0x1fff'0fd4     0x4  system_MK60DZ10.o [1]
    .bss               zero     0x1fff'0fd8     0x4  system_MK60DZ10.o [1]
    .bss               zero     0x1fff'0fdc     0x4  system_MK60DZ10.o [1]
    .bss               zero     0x1fff'0fe0     0x4  xfail_s.o [2]
    .bss               zero     0x1fff'0fe4    0x50  xfiles.o [2]
    .bss               zero     0x1fff'1034     0x2  Control.o [1]
    .bss               zero     0x1fff'1036     0x2  Control.o [1]
    .bss               zero     0x1fff'1038     0x2  Control.o [1]
    .bss               zero     0x1fff'103a     0x2  Control.o [1]
    .bss               zero     0x1fff'103c     0x2  PID.o [1]
    .bss               zero     0x1fff'103e     0x2  sensor.o [1]
    .bss               zero     0x1fff'1040     0x2  sensor.o [1]
    .bss               zero     0x1fff'1042     0x2  sensor.o [1]
    .bss               zero     0x1fff'1044     0x2  sensor.o [1]
    .bss               zero     0x1fff'1046     0x2  sensor.o [1]
    .bss               zero     0x1fff'1048     0x1  Control.o [1]
    .bss               zero     0x1fff'1049     0x1  sensor.o [1]
    .bss               zero     0x1fff'104a     0x1  sensor.o [1]
    .bss               zero     0x1fff'104b     0x1  sensor.o [1]
    .bss               zero     0x1fff'104c     0x1  sensor.o [1]
                              - 0x1fff'1050   0x260

Unused ranges:

         From           To      Size
         ----           --      ----
       0x67f0     0x8'0000  0x7'9811
  0x1fff'1050  0x2001'0000  0x1'efb1


*******************************************************************************
*** INIT TABLE
***

          Address      Size
          -------      ----
Zero (__iar_zero_init3)
    1 destination range, total size 0x25d:
          0x1fff'0df0  0x25d



*******************************************************************************
*** MODULE SUMMARY
***

    Module               ro code  rw code  ro data  rw data
    ------               -------  -------  -------  -------
command line/config:
    -------------------------------------------------------
    Total:

D:\17849\Documents\Project\k60工程\黑曼巴24.1（四电感）\Prj\IAR\DZ10_Debug\Obj: [1]
    Boma.o                   236                         20
    Control.o                472                20       49
    Init.o                   432
    MK60_PIT.o               300                88
    MK60_SysTick.o            96                92
    MK60_adc.o               692                96        8
    MK60_conf.o              320             1 948    1 800
    MK60_flash.o                      348      436
    MK60_ftm.o             1 580               104       16
    MK60_gpio.o              312               108       20
    MK60_mcg.o               936       72      144       72
    MK60_port.o              164                20       20
    MK60_uart.o              552               112       24
    MK60_wdog.o               64
    Motor.o                  268
    OLED.o                   952             1 520
    PID.o                    152                          2
    VCAN_LED.o               128                 4        4
    VCAN_key.o               164                 8        8
    main.o                 1 592                64       16
    misc.o                    80                84
    sensor.o               3 292                32      422
    startup_MK60DZ10.o         8
    system_MK60DZ10.o        280                         12
    vectors.o                                1 040
    -------------------------------------------------------
    Total:                13 072      420    5 920    2 493

dl7M_tlf.a: [2]
    abort.o                    6
    abs.o                      8
    exit.o                     4
    low_level_init.o           4
    printf.o                  40
    putchar.o                 12
    sprintf.o                 64
    xfail_s.o                 64                          4
    xfiles.o                                    72      152
    xlocale_c.o                8                60       56
    xprintflarge_nomb.o    3 094
    xprout.o                  22
    xsprout.o                 10
    -------------------------------------------------------
    Total:                 3 336               132      212

m7M_tl.a: [3]
    DblAdd.o                 362
    DblDiv.o                 582
    DblMul.o                 418
    DblSub.o                 226
    DblToFlt.o               104
    DblToU32.o                40
    FltAdd.o                 226
    FltCmpGe.o                36
    FltCmpLe.o                36
    FltDiv.o                 252
    FltMul.o                 216
    FltSub.o                 128
    FltToDbl.o                72
    FltToS32.o                42
    FltToU32.o                34
    S32ToDbl.o                34
    S32ToFlt.o                36
    U32ToDbl.o                26
    U32ToFlt.o                28
    frexp.o                  112
    -------------------------------------------------------
    Total:                 3 010

rt7M_tl.a: [4]
    ABImemcpy.o              166
    I64DivMod.o              560
    I64DivZer.o                2
    XXexit.o                  12
    cexit.o                   10
    cmain.o                   30
    cstartup_M.o              12
    data_init.o               40
    memchr.o                  88
    strchr.o                  22
    strlen.o                  54
    zero_init3.o              58
    -------------------------------------------------------
    Total:                 1 054

    Gaps                      28
    Linker created            32        8       24
-----------------------------------------------------------
    Grand Total:          20 532      428    6 076    2 705


*******************************************************************************
*** ENTRY LIST
***

Entry                       Address   Size  Type      Object
-----                       -------   ----  ----      ------
.bss$$Base              0x1fff'0df0          --   Gb  - Linker created -
.bss$$Limit             0x1fff'1050          --   Gb  - Linker created -
.data$$Base             0x1fff'0410          --   Gb  - Linker created -
.data$$Limit            0x1fff'0c44          --   Gb  - Linker created -
.data_init$$Base             0x4214          --   Gb  - Linker created -
.data_init$$Limit            0x4a48          --   Gb  - Linker created -
.iar.init_table$$Base        0x66d4          --   Gb  - Linker created -
.iar.init_table$$Limit       0x66e4          --   Gb  - Linker created -
?main                        0x6705         Code  Gb  cmain.o [4]
AD                      0x1fff'0f84   0x14  Data  Gb  sensor.o [1]
ADCN                    0x1fff'0410    0x8  Data  Gb  MK60_adc.o [1]
AD_Ave                        0x463   0x40  Code  Gb  sensor.o [1]
AD_Collect                    0x6a7  0x2f8  Code  Gb  sensor.o [1]
AD_Date_analyse               0x99f  0x1a6  Code  Gb  sensor.o [1]
AD_Init                       0x429   0x3a  Code  Gb  sensor.o [1]
AD_V                    0x1fff'0e3c   0x64  Data  Gb  sensor.o [1]
AD_sum                  0x1fff'0eb4   0x14  Data  Gb  sensor.o [1]
AD_value                0x1fff'0ea0   0x14  Data  Gb  sensor.o [1]
ASSERT_FAILED_STR            0x66b0   0x24  Data  Gb  MK60_conf.o [1]
BOMA                    0x1fff'0e00    0x4  Data  Gb  Boma.o [1]
Boma_init                    0x5231   0x4c  Code  Gb  Boma.o [1]
Boma_read                    0x527d   0x7a  Code  Gb  Boma.o [1]
Car_Sudu                0x1fff'1036    0x2  Data  Gb  Control.o [1]
CodeRelocate$$Base           0x6088          --   Gb  - Linker created -
CodeRelocate$$Limit          0x6234          --   Gb  - Linker created -
CodeRelocateRam$$Base   0x1fff'0c44          --   Gb  - Linker created -
CodeRelocateRam$$Limit  0x1fff'0df0          --   Gb  - Linker created -
F8X16                        0x5478  0x5f0  Data  Gb  OLED.o [1]
FTM2_INPUT_IRQHandler        0x4fd7   0x60  Code  Gb  main.o [1]
FTMN                    0x1fff'0b20   0x10  Data  Gb  MK60_ftm.o [1]
FTM_PWM_Duty                 0x257b  0x132  Code  Gb  MK60_ftm.o [1]
FTM_PWM_init                 0x23f9  0x182  Code  Gb  MK60_ftm.o [1]
FTM_port_mux                 0x224d  0x1ac  Code  Lc  MK60_ftm.o [1]
Ftm_input_init               0x5215   0x1c  Code  Gb  Init.o [1]
GPIOX                   0x1fff'0b30   0x14  Data  Gb  MK60_gpio.o [1]
KEY_PTxn                0x1fff'0bb8    0x8  Data  Gb  VCAN_key.o [1]
LCD_DLY_ms                   0x14f7   0x1e  Code  Gb  OLED.o [1]
LCD_Fill                     0x14b5   0x42  Code  Gb  OLED.o [1]
LCD_Set_Pos                  0x148b   0x2a  Code  Gb  OLED.o [1]
LCD_WrCmd                    0x1445   0x46  Code  Gb  OLED.o [1]
LCD_WrDat                    0x13f9   0x4a  Code  Gb  OLED.o [1]
LCD_single_P8x16Str          0x1609  0x194  Code  Gb  OLED.o [1]
LED_PTxn                0x1fff'0bc0    0x4  Data  Gb  VCAN_LED.o [1]
LeftWheel_Count         0x1fff'0e38    0x4  Data  Gb  main.o [1]
Left_Speed              0x1fff'0e10    0x4  Data  Gb  Control.o [1]
LoadInt                      0x2ce9   0x7a  Code  Lc  xprintflarge_nomb.o [2]
Motor_init                   0x531d   0x38  Code  Gb  Motor.o [1]
Motor_output1                0x5355   0x66  Code  Gb  Motor.o [1]
Motor_output2                0x53bb   0x66  Code  Gb  Motor.o [1]
NVIC_EnableIRQ               0x509f   0x16  Code  Lc  Init.o [1]
NVIC_SetPriority             0x50b5   0x2c  Code  Lc  Init.o [1]
NVIC_SetPriorityGrouping
                             0x5081   0x1e  Code  Lc  Init.o [1]
NVIC_SystemReset             0x2961   0x18  Code  Lc  MK60_conf.o [1]
OLED_Init                    0x1515   0xf4  Code  Gb  OLED.o [1]
Out_Speed               0x1fff'103c    0x2  Data  Gb  PID.o [1]
PIT0_IRQHandler              0x5e19   0x26  Code  Gb  Control.o [1]
PIT1_IRQHandler              0x5e3f   0x44  Code  Gb  Control.o [1]
PORTB_IRQHandler             0x4fa9   0x2e  Code  Gb  main.o [1]
PORTX                   0x1fff'0b8c   0x14  Data  Gb  MK60_port.o [1]
Real_Speed              0x1fff'0e0c    0x4  Data  Gb  Control.o [1]
Region$$Table$$Base          0x66d4          --   Gb  - Linker created -
Region$$Table$$Limit         0x66e4          --   Gb  - Linker created -
Reset_Handler                 0x411         Code  Gb  startup_MK60DZ10.o [1]
RightWheel_Count        0x1fff'0e34    0x4  Data  Gb  main.o [1]
Right_Speed             0x1fff'0e14    0x4  Data  Gb  Control.o [1]
Run_Control                   0xb45  0x112  Code  Gb  sensor.o [1]
Run_Flag                0x1fff'104b    0x1  Data  Gb  sensor.o [1]
Run_state               0x1fff'104a    0x1  Data  Gb  sensor.o [1]
SC_black_Init                 0x4a3  0x204  Code  Gb  sensor.o [1]
Slope_AD                0x1fff'0f80    0x4  Data  Gb  sensor.o [1]
Speed_Control                0x5f05   0x84  Code  Gb  Control.o [1]
Speed_D                 0x1fff'0e20    0x4  Data  Gb  Control.o [1]
Speed_Flag              0x1fff'104c    0x1  Data  Gb  sensor.o [1]
Speed_I                 0x1fff'0e1c    0x4  Data  Gb  Control.o [1]
Speed_P                 0x1fff'0e18    0x4  Data  Gb  Control.o [1]
Speed_PID                    0x5ff1   0x98  Code  Gb  PID.o [1]
Turn_KD                 0x1fff'0e08    0x4  Data  Gb  Control.o [1]
Turn_KP                 0x1fff'0e04    0x4  Data  Gb  Control.o [1]
Turn_Out                0x1fff'1034    0x2  Data  Gb  Control.o [1]
Turn_PD                      0x5ed3   0x32  Code  Gb  Control.o [1]
UARTN                   0x1fff'0ba0   0x18  Data  Gb  MK60_uart.o [1]
Vol                     0x1fff'1049    0x1  Data  Gb  sensor.o [1]
Zhangai_Flag            0x1fff'0e2c    0x4  Data  Gb  main.o [1]
_GenldLargeNoMb              0x3479  0x24c  Code  Lc  xprintflarge_nomb.o [2]
_LdtobLargeNoMb              0x321f  0x232  Code  Lc  xprintflarge_nomb.o [2]
_LitobLargeNoMb              0x30cf  0x10a  Code  Lc  xprintflarge_nomb.o [2]
_Locale_lconv           0x1fff'0bc4   0x38  Data  Lc  xlocale_c.o [2]
_PrintfLargeNoMb             0x2b45  0x19e  Code  Gb  xprintflarge_nomb.o [2]
_Prout                       0x6737   0x16  Code  Gb  xprout.o [2]
_PutcharsLargeNoMb           0x36c5   0x2e  Code  Lc  xprintflarge_nomb.o [2]
_PutfldLargeNoMb             0x2d63  0x260  Code  Lc  xprintflarge_nomb.o [2]
_PuttxtLargeNoMb             0x2fc3  0x10c  Code  Lc  xprintflarge_nomb.o [2]
_SProut                      0x1aff    0xa  Code  Gb  xsprout.o [2]
__BOOT_STACK_ADDRESS {Abs}
                        0x2000'fff8         Data  Gb  <internal module>
__VECTOR_RAM {Abs}      0x1fff'0000         Data  Gb  <internal module>
__VECTOR_TABLE {Abs}            0x0         Data  Gb  <internal module>
__aeabi_cfcmple              0x17cd         Code  Gb  FltCmpLe.o [3]
__aeabi_cfrcmple             0x1d69         Code  Gb  FltCmpGe.o [3]
__aeabi_d2f                  0x1f79         Code  Gb  DblToFlt.o [3]
__aeabi_d2uiz                0x3f61         Code  Gb  DblToU32.o [3]
__aeabi_ddiv                 0x2005         Code  Gb  DblDiv.o [3]
__aeabi_dmul                 0x1dd5         Code  Gb  DblMul.o [3]
__aeabi_dsub                 0x3fa5         Code  Gb  DblSub.o [3]
__aeabi_f2d                  0x1d8d         Code  Gb  FltToDbl.o [3]
__aeabi_f2iz                 0x1ad5         Code  Gb  FltToS32.o [3]
__aeabi_f2uiz                0x191d         Code  Gb  FltToU32.o [3]
__aeabi_fadd                 0x1b09         Code  Gb  FltAdd.o [3]
__aeabi_fdiv                 0x1bed         Code  Gb  FltDiv.o [3]
__aeabi_fmul                 0x2879         Code  Gb  FltMul.o [3]
__aeabi_fsub                 0x1ce9         Code  Gb  FltSub.o [3]
__aeabi_i2d                  0x1fe1         Code  Gb  S32ToDbl.o [3]
__aeabi_i2f                  0x1979         Code  Gb  S32ToFlt.o [3]
__aeabi_ldiv0                0x4099         Code  Gb  I64DivZer.o [4]
__aeabi_memcpy               0x3e49         Code  Gb  ABImemcpy.o [4]
__aeabi_memcpy4              0x3e69         Code  Gb  ABImemcpy.o [4]
__aeabi_memcpy8              0x3e69         Code  Gb  ABImemcpy.o [4]
__aeabi_ui2d                 0x3f89         Code  Gb  U32ToDbl.o [3]
__aeabi_ui2f                 0x17b1         Code  Gb  U32ToFlt.o [3]
__aeabi_uldivmod             0x3c19         Code  Gb  I64DivMod.o [4]
__cmain                      0x6705         Code  Gb  cmain.o [4]
__code_start__ {Abs}          0x410         Data  Gb  <internal module>
__exit                       0x4209         Code  Gb  XXexit.o [4]
__iar_Fail_s                 0x3b49   0x1c  Code  Gb  xfail_s.o [2]
__iar_Memchr                 0x3bc1         Code  Gb  memchr.o [4]
__iar_Stdout            0x1fff'0bfc   0x48  Data  Gb  xfiles.o [2]
__iar_Strchr                 0x3b31         Code  Gb  strchr.o [4]
__iar_dadd                   0x3fb5         Code  Gb  DblSub.o [3]
__iar_data_init3             0x6689   0x28  Code  Gb  data_init.o [4]
__iar_dsub                   0x409d         Code  Gb  DblAdd.o [3]
__iar_dsubStart              0x40af         Code  Gb  DblAdd.o [3]
__iar_fadd                   0x1cf5         Code  Gb  FltSub.o [3]
__iar_frexp                  0x3efd         Code  Gb  frexp.o [3]
__iar_frexp64                0x3ef1         Code  Gb  frexp.o [3]
__iar_frexpl                 0x3efd         Code  Gb  frexp.o [3]
__iar_fsub                   0x1b15         Code  Gb  FltAdd.o [3]
__iar_fsubStart              0x1b25         Code  Gb  FltAdd.o [3]
__iar_program_start          0x67d9         Code  Gb  cstartup_M.o [4]
__iar_zero_init3             0x193f   0x3a  Code  Gb  zero_init3.o [4]
__low_level_init             0x6723    0x4  Code  Gb  low_level_init.o [2]
__vector_table                  0x0  0x410  Data  Gb  vectors.o [1]
_call_main                   0x6711         Code  Gb  cmain.o [4]
_exit                        0x672d         Code  Gb  cexit.o [4]
_main                        0x671f         Code  Gb  cmain.o [4]
abort                        0x4091    0x6  Code  Gb  abort.o [2]
abs                          0x2951    0x8  Code  Gb  abs.o [2]
ad_sum                  0x1fff'0f68   0x14  Data  Gb  sensor.o [1]
ad_value                0x1fff'0ef0   0x64  Data  Gb  sensor.o [1]
ad_value1               0x1fff'0f54   0x14  Data  Gb  sensor.o [1]
adc_init                     0x1105  0x202  Code  Gb  MK60_adc.o [1]
adc_once                     0x1307   0x50  Code  Gb  MK60_adc.o [1]
adc_start                    0x1357   0x4c  Code  Lc  MK60_adc.o [1]
assert_failed                0x2979   0x26  Code  Gb  MK60_conf.o [1]
bus_clk_khz             0x1fff'0fdc    0x4  Data  Gb  system_MK60DZ10.o [1]
c                       0x1fff'0e30    0x4  Data  Gb  main.o [1]
common_startup               0x628f   0x84  Code  Gb  system_MK60DZ10.o [1]
core_clk_khz            0x1fff'0fd4    0x4  Data  Gb  system_MK60DZ10.o [1]
core_clk_mhz            0x1fff'0fd8    0x4  Data  Gb  system_MK60DZ10.o [1]
default_isr                  0x2a4f   0x32  Code  Gb  MK60_conf.o [1]
e                       0x1fff'0fc8    0x4  Data  Gb  sensor.o [1]
ec                      0x1fff'0fcc    0x4  Data  Gb  sensor.o [1]
exit                         0x6727    0x4  Code  Gb  exit.o [2]
flash_cmd               0x1fff'0c4d   0x1c  Code  Gb  MK60_flash.o [1]
flash_erase_sector      0x1fff'0c8b   0x58  Code  Gb  MK60_flash.o [1]
flash_init              0x1fff'0c69   0x22  Code  Gb  MK60_flash.o [1]
flash_write             0x1fff'0ce3   0x96  Code  Gb  MK60_flash.o [1]
fputc                        0x299f   0x14  Code  Gb  MK60_conf.o [1]
frexp                        0x3ef1         Code  Gb  frexp.o [3]
frexpl                       0x3ef1         Code  Gb  frexp.o [3]
ftm_input_init               0x26ad  0x1b8  Code  Gb  MK60_ftm.o [1]
get_speed                    0x5e83   0x50  Code  Gb  Control.o [1]
gpio_get                     0x1a8d   0x3c  Code  Gb  MK60_gpio.o [1]
gpio_init                    0x199d   0xb6  Code  Gb  MK60_gpio.o [1]
gpio_turn                    0x1a53   0x3a  Code  Gb  MK60_gpio.o [1]
k                       0x1fff'0e24    0x4  Data  Gb  Control.o [1]
k1                      0x1fff'0df0    0x4  Data  Gb  Boma.o [1]
k2                      0x1fff'0df4    0x4  Data  Gb  Boma.o [1]
k3                      0x1fff'0df8    0x4  Data  Gb  Boma.o [1]
k4                      0x1fff'0dfc    0x4  Data  Gb  Boma.o [1]
key_check                    0x3b01   0x2a  Code  Gb  VCAN_key.o [1]
key_get                      0x3ae5   0x1c  Code  Gb  VCAN_key.o [1]
key_init                     0x3a8d   0x58  Code  Gb  VCAN_key.o [1]
led_init                     0x375d   0x40  Code  Gb  VCAN_LED.o [1]
led_turn                     0x379d   0x38  Code  Gb  VCAN_LED.o [1]
localeconv                   0x4089    0x4  Code  Gb  xlocale_c.o [2]
main                         0x4a49   0x88  Code  Gb  main.o [1]
max_v                   0x1fff'0ec8   0x14  Data  Gb  sensor.o [1]
mcg_cfg                 0x1fff'0b44   0x44  Data  Gb  MK60_mcg.o [1]
mcg_div                 0x1fff'0b88    0x4  Data  Gb  MK60_mcg.o [1]
mcg_div_count                0x5a71  0x2f4  Code  Gb  MK60_mcg.o [1]
memchr                       0x3bc1         Code  Gb  memchr.o [4]
min_v                   0x1fff'0edc   0x14  Data  Gb  sensor.o [1]
obuf                    0x1fff'0fe4   0x50  Data  Lc  xfiles.o [2]
p                       0x1fff'0e28    0x4  Data  Gb  Control.o [1]
pit_delay                    0x185d   0xae  Code  Gb  MK60_PIT.o [1]
pit_init                     0x17f1   0x6c  Code  Gb  MK60_PIT.o [1]
pll_init                     0x5d65   0x96  Code  Gb  MK60_mcg.o [1]
port_init                    0x2aa1   0x48  Code  Gb  MK60_port.o [1]
port_init_NoALT              0x2ae9   0x52  Code  Gb  MK60_port.o [1]
pre_turn_error          0x1fff'0fc4    0x4  Data  Gb  sensor.o [1]
printf                       0x37dd   0x28  Code  Gb  printf.o [2]
putchar                      0x674d    0xc  Code  Gb  putchar.o [2]
scale                        0x31d9   0x46  Code  Lc  xprintflarge_nomb.o [2]
sec_hand                0x1fff'0fe0    0x4  Data  Lc  xfail_s.o [2]
sensor                  0x1fff'0f98   0x14  Data  Gb  sensor.o [1]
sensor1                 0x1fff'103e    0x2  Data  Gb  sensor.o [1]
sensor2                 0x1fff'1040    0x2  Data  Gb  sensor.o [1]
sensor3                 0x1fff'1042    0x2  Data  Gb  sensor.o [1]
sensor4                 0x1fff'1044    0x2  Data  Gb  sensor.o [1]
sensor5                 0x1fff'1046    0x2  Data  Gb  sensor.o [1]
sensor_middle           0x1fff'0f7c    0x4  Data  Gb  sensor.o [1]
sensor_to_one           0x1fff'0fac   0x14  Data  Gb  sensor.o [1]
set_sys_dividers        0x1fff'0da9   0x48  Code  Gb  MK60_mcg.o [1]
set_vector_handler           0x544b   0x22  Code  Gb  misc.o [1]
sprintf                      0x13b9   0x40  Code  Gb  sprintf.o [2]
start                        0x6235   0x22  Code  Gb  system_MK60DZ10.o [1]
start_check                  0x29b3   0x9c  Code  Gb  MK60_conf.o [1]
strchr                       0x3b31         Code  Gb  strchr.o [4]
strlen                       0x3b89         Code  Gb  strlen.o [4]
sysinit                      0x6257   0x38  Code  Gb  system_MK60DZ10.o [1]
systick_delay                0x3805   0x32  Code  Gb  MK60_SysTick.o [1]
systick_delay_ms             0x3837   0x18  Code  Gb  MK60_SysTick.o [1]
time_counter            0x1fff'1048    0x1  Data  Gb  Control.o [1]
turn_error              0x1fff'0fc0    0x4  Data  Gb  sensor.o [1]
turn_out                0x1fff'0fd0    0x4  Data  Gb  sensor.o [1]
turn_out_cal                  0xcad  0x408  Code  Gb  sensor.o [1]
uart_init                    0x3865  0x1f4  Code  Gb  MK60_uart.o [1]
uart_putchar                 0x3a59   0x1c  Code  Gb  MK60_uart.o [1]
vector_str              0x1fff'0418  0x708  Data  Gb  MK60_conf.o [1]
wdog_disable                 0x634d   0x14  Code  Gb  MK60_wdog.o [1]
wdog_unlock                  0x6365   0x20  Code  Lc  MK60_wdog.o [1]
wildWolf_init                0x50e1  0x106  Code  Gb  Init.o [1]
write_vtor                   0x5429   0x22  Code  Gb  misc.o [1]
you_zhuanshu            0x1fff'103a    0x2  Data  Gb  Control.o [1]
zhangaichuli                 0x4ad1  0x4d8  Code  Gb  main.o [1]
zuo_zhuanshu            0x1fff'1038    0x2  Data  Gb  Control.o [1]


[1] = D:\17849\Documents\Project\k60工程\黑曼巴24.1（四电感）\Prj\IAR\DZ10_Debug\Obj
[2] = dl7M_tlf.a
[3] = m7M_tl.a
[4] = rt7M_tl.a

  20 532 bytes of readonly  code memory
     428 bytes of readwrite code memory
   6 076 bytes of readonly  data memory
   2 705 bytes of readwrite data memory

Errors: none
Warnings: none
